Microchip MPLAB XC8 Compiler V3.00

Linker command line:

-W-3 \
  --edf=C:/Users/C16369/.mchp_packs/Microchip/PIC18F-Q_DFP/1.28.451/xc8\pic\dat\20250324195656_en.msgs \
  -pivt0x8=08h -cn \
  -h+dist/default/debug\pic18f16q40-weather-station.X.debug.sym \
  --cmf=dist/default/debug\pic18f16q40-weather-station.X.debug.cmf -z \
  -Q18F16Q40 -oC:\Users\C16369\AppData\Local\Temp\xcAshec.\driver_tmp_3.o \
  --defsym=__MPLAB_BUILD=1 --fixupoverflow=error \
  -Mdist/default/debug/pic18f16q40-weather-station.X.debug.map \
  --md=C:\Users\C16369\AppData\Local\Temp\xcAshec.\driver_tmp_0.dat -E1 \
  -ver=XC8 Compiler -ACODE=00h-0FFFFh -ACONST=00h-0FFFFh \
  -ASMALLCONST=01600h-016FFhx234 -AMEDIUMCONST=01600h-0FFFFh \
  -ACOMRAM=0501h-055Fh -AABS1=0500h-014FFh -ABIGRAM=0501h-014FFh \
  -ARAM=0560h-05FFh,0600h-06FFhx15 -ABANK5=0560h-05FFh -ABANK6=0600h-06FFh \
  -ABANK7=0700h-07FFh -ABANK8=0800h-08FFh -ABANK9=0900h-09FFh \
  -ABANK10=0A00h-0AFFh -ABANK11=0B00h-0BFFh -ABANK12=0C00h-0CFFh \
  -ABANK13=0D00h-0DFFh -ABANK14=0E00h-0EFFh -ABANK15=0F00h-0FFFh \
  -ABANK16=01000h-010FFh -ABANK17=01100h-011FFh -ABANK18=01200h-012FFh \
  -ABANK19=01300h-013FFh -ABANK20=01400h-014FFh \
  -ASFR=00h-0FFhx4,0400h-045Fh,0460h-04FFh,01500h-015FFh \
  -ABIGSFR=00h-04FFh,01500h-015FFh -ACONFIG=0300000h-0300011h \
  -AIDLOC=0200000h-020003Fh -AEEDATA=0380000h-03801FFh -peeprom_data=EEDATA \
  -preset_vec=00h -ppowerup=CODE,init -pramtop=01600h \
  -psmallconst=SMALLCONST -pmediumconst=MEDIUMCONST -pconst=CONST \
  -AFARRAM=00h-00h \
  -prdata=COMRAM,nvrram=COMRAM,nvbit=COMRAM,rbss=COMRAM,rbit=COMRAM \
  -pfarbss=FARRAM,fardata=FARRAM,nvFARRAM=FARRAM \
  -pintsave_regs=BIGRAM,bigbss=BIGRAM,bigdata=BIGRAM -pbss=RAM \
  -pidata=CODE,irdata=CODE,ibigdata=CODE,ifardata=CODE -prparam=COMRAM \
  C:\Users\C16369\AppData\Local\Temp\xcAshec.\driver_tmp_14.o \
  dist/default/debug\pic18f16q40-weather-station.X.debug.o 

Object code version is 3.11

Machine type is 18F16Q40



                Name                               Link     Load   Length Selector   Space Scale
C:\Users\C16369\AppData\Local\Temp\xcAshec.\driver_tmp_14.o
                config                           300000   300000        9        0       4
                init                                 1A       1A        4        4       0
                reset_vec                             0        0        4        0       0
dist/default/debug\pic18f16q40-weather-station.X.debug.o
                config                           300000   300000        9        0       4
                mediumconst                        FA1E     FA1E      5E2     7D0F       0
                ivt0x8                                8        8       12        4       0
                text125                            4E22     4E22        4        4       0
                text124                            4E1E     4E1E        4        4       0
                text123                            4D9C     4D9C       10        4       0
                text122                            4D88     4D88       14        4       0
                text121                            4974     4974       3A        4       0
                text120                            375E     375E       A2        4       0
                text119                            4B6A     4B6A       2A        4       0
                text118                            4B3E     4B3E       2C        4       0
                text117                            3934     3934       94        4       0
                text116                            4D74     4D74       14        4       0
                text115                            4D22     4D22       16        4       0
                text114                            46B8     46B8       46        4       0
                text113                            4E10     4E10        8        4       0
                text112                            4E28     4E28        2        4       0
                text111                            48C4     48C4       3C        4       0
                text110                            2BDC     2BDC      10E        4       0
                text109                            332A     332A       CA        4       0
                text108                            40A6     40A6       60        4       0
                text107                            4D60     4D60       14        4       0
                text106                            4E08     4E08        8        4       0
                text105                            4D4C     4D4C       14        4       0
                text104                            431E     431E       58        4       0
                text103                            4DEE     4DEE        A        4       0
                text102                            4DE4     4DE4        A        4       0
                text101                            4DDA     4DDA        A        4       0
                text100                            4A1A     4A1A       34        4       0
                text99                             39C8     39C8       86        4       0
                text98                             4BBC     4BBC       28        4       0
                text97                             4848     4848       40        4       0
                text96                             4CAC     4CAC       1C        4       0
                text95                             4C90     4C90       1C        4       0
                text94                             4C74     4C74       1C        4       0
                text93                             4046     4046       60        4       0
                text92                             4C30     4C30       26        4       0
                text91                             4DD0     4DD0        A        4       0
                text90                             4E18     4E18        6        4       0
                text89                             4D0C     4D0C       16        4       0
                text88                             4CF6     4CF6       16        4       0
                text87                             4D38     4D38       14        4       0
                text86                             23BE     23BE      1B4        4       0
                text85                             41BC     41BC       5A        4       0
                text84                              708      708      4B8        4       0
                text83                             1438     1438      392        4       0
                text82                             1010     1010      428        4       0
                text81                             2FDA     2FDA       DE        4       0
                text80                             3D1E     3D1E       6A        4       0
                text79                              BC0      BC0      450        4       0
                text78                             3FE4     3FE4       62        4       0
                text77                             36BA     36BA       A4        4       0
                text76                               1E       1E      6EA        4       0
                text75                             389C     389C       98        4       0
                text74                             1B4E     1B4E      26A        4       0
                text73                             3F82     3F82       62        4       0
                text72                             4B12     4B12       2C        4       0
                text71                             4786     4786       42        4       0
                text70                             4376     4376       56        4       0
                text69                             283A     283A      150        4       0
                text68                             4506     4506       4C        4       0
                text67                             4742     4742       44        4       0
                text66                             4DC6     4DC6        A        4       0
                text65                             2AC2     2AC2      11A        4       0
                text64                             1DB8     1DB8      22C        4       0
                text63                             3614     3614       A6        4       0
                text62                             43CC     43CC       52        4       0
                text61                             4106     4106       5C        4       0
                text60                             4CE0     4CE0       16        4       0
                text59                             44BA     44BA       4C        4       0
                text58                             4888     4888       3C        4       0
                text57                             4CC8     4CC8       18        4       0
                text56                             4672     4672       46        4       0
                text55                             3C44     3C44       6E        4       0
                text54                             3F20     3F20       62        4       0
                text53                             3800     3800       9C        4       0
                text52                             298A     298A      138        4       0
                text51                             30B8     30B8       D8        4       0
                text50                             45E4     45E4       48        4       0
                text49                             21FC     21FC      1C2        4       0
                text48                             33F4     33F4       C2        4       0
                text47                             2CEA     2CEA      10C        4       0
                text46                             2572     2572      170        4       0
                text45                             3A4E     3A4E       84        4       0
                text44                             4E26     4E26        2        4       0
                text43                             459C     459C       48        4       0
                text42                             42C6     42C6       58        4       0
                text41                             426E     426E       58        4       0
                text40                             3DF0     3DF0       68        4       0
                text39                             3D88     3D88       68        4       0
                text38                             3CB2     3CB2       6C        4       0
                text37                             3B54     3B54       7C        4       0
                text36                             49AE     49AE       38        4       0
                text35                             46FE     46FE       44        4       0
                text34                             2DF6     2DF6       F8        4       0
                text33                             3190     3190       D0        4       0
                text32                             4552     4552       4A        4       0
                text31                             4DAC     4DAC        E        4       0
                text30                             4808     4808       40        4       0
                text29                             493A     493A       3A        4       0
                text28                             3AD2     3AD2       82        4       0
                text27                             4900     4900       3A        4       0
                text26                             3566     3566       AE        4       0
                text25                             3BD0     3BD0       74        4       0
                text24                             3EBC     3EBC       64        4       0
                text23                             49E6     49E6       34        4       0
                text22                             4B94     4B94       28        4       0
                text21                             4E00     4E00        8        4       0
                text20                             4C56     4C56       1E        4       0
                text19                             3260     3260       CA        4       0
                text18                             17CA     17CA      384        4       0
                text17                             441E     441E       50        4       0
                text16                             4C0A     4C0A       26        4       0
                text15                             446E     446E       4C        4       0
                text14                             26E2     26E2      158        4       0
                text13                             4BE4     4BE4       26        4       0
                text12                             4DF8     4DF8        8        4       0
                text11                             4AB2     4AB2       32        4       0
                text10                             34B6     34B6       B0        4       0
                text9                              1FE4     1FE4      218        4       0
                text8                              4DBA     4DBA        C        4       0
                text7                              47C8     47C8       40        4       0
                text6                              4216     4216       58        4       0
                text5                              2EEE     2EEE       EC        4       0
                text4                              4A80     4A80       32        4       0
                text3                              4AE4     4AE4       2E        4       0
                text2                              4A4E     4A4E       32        4       0
                text1                              3E58     3E58       64        4       0
                text0                              462C     462C       46        4       0
                cstackCOMRAM                        501      501       54      501       1
                cstackBANK5                         560      560       56      560       1
                cstackBANK6                         6DF      6DF        6      600       1
                bssBIGRAM                           6E5      6E5      1A0      6E5       1
                bssBANK6                            600      600       DF      600       1
                bssBANK5                            5B6      5B6       4A      560       1
                dataCOMRAM                          559      559        1      501       1
                bssCOMRAM                           555      555        4      501       1
                cinit                              4162     4162       5A        4       0
                idataCOMRAM                        4E2A     4E2A        1        4       0

TOTAL           Name                               Link     Load   Length     Space
        CLASS   CODE           
                init                                 1A       1A        4         0
                reset_vec                             0        0        4         0
                ivt0x8                                8        8       12         0
                text125                            4E22     4E22        4         0
                text124                            4E1E     4E1E        4         0
                text123                            4D9C     4D9C       10         0
                text122                            4D88     4D88       14         0
                text121                            4974     4974       3A         0
                text120                            375E     375E       A2         0
                text119                            4B6A     4B6A       2A         0
                text118                            4B3E     4B3E       2C         0
                text117                            3934     3934       94         0
                text116                            4D74     4D74       14         0
                text115                            4D22     4D22       16         0
                text114                            46B8     46B8       46         0
                text113                            4E10     4E10        8         0
                text112                            4E28     4E28        2         0
                text111                            48C4     48C4       3C         0
                text110                            2BDC     2BDC      10E         0
                text109                            332A     332A       CA         0
                text108                            40A6     40A6       60         0
                text107                            4D60     4D60       14         0
                text106                            4E08     4E08        8         0
                text105                            4D4C     4D4C       14         0
                text104                            431E     431E       58         0
                text103                            4DEE     4DEE        A         0
                text102                            4DE4     4DE4        A         0
                text101                            4DDA     4DDA        A         0
                text100                            4A1A     4A1A       34         0
                text99                             39C8     39C8       86         0
                text98                             4BBC     4BBC       28         0
                text97                             4848     4848       40         0
                text96                             4CAC     4CAC       1C         0
                text95                             4C90     4C90       1C         0
                text94                             4C74     4C74       1C         0
                text93                             4046     4046       60         0
                text92                             4C30     4C30       26         0
                text91                             4DD0     4DD0        A         0
                text90                             4E18     4E18        6         0
                text89                             4D0C     4D0C       16         0
                text88                             4CF6     4CF6       16         0
                text87                             4D38     4D38       14         0
                text86                             23BE     23BE      1B4         0
                text85                             41BC     41BC       5A         0
                text84                              708      708      4B8         0
                text83                             1438     1438      392         0
                text82                             1010     1010      428         0
                text81                             2FDA     2FDA       DE         0
                text80                             3D1E     3D1E       6A         0
                text79                              BC0      BC0      450         0
                text78                             3FE4     3FE4       62         0
                text77                             36BA     36BA       A4         0
                text76                               1E       1E      6EA         0
                text75                             389C     389C       98         0
                text74                             1B4E     1B4E      26A         0
                text73                             3F82     3F82       62         0
                text72                             4B12     4B12       2C         0
                text71                             4786     4786       42         0
                text70                             4376     4376       56         0
                text69                             283A     283A      150         0
                text68                             4506     4506       4C         0
                text67                             4742     4742       44         0
                text66                             4DC6     4DC6        A         0
                text65                             2AC2     2AC2      11A         0
                text64                             1DB8     1DB8      22C         0
                text63                             3614     3614       A6         0
                text62                             43CC     43CC       52         0
                text61                             4106     4106       5C         0
                text60                             4CE0     4CE0       16         0
                text59                             44BA     44BA       4C         0
                text58                             4888     4888       3C         0
                text57                             4CC8     4CC8       18         0
                text56                             4672     4672       46         0
                text55                             3C44     3C44       6E         0
                text54                             3F20     3F20       62         0
                text53                             3800     3800       9C         0
                text52                             298A     298A      138         0
                text51                             30B8     30B8       D8         0
                text50                             45E4     45E4       48         0
                text49                             21FC     21FC      1C2         0
                text48                             33F4     33F4       C2         0
                text47                             2CEA     2CEA      10C         0
                text46                             2572     2572      170         0
                text45                             3A4E     3A4E       84         0
                text44                             4E26     4E26        2         0
                text43                             459C     459C       48         0
                text42                             42C6     42C6       58         0
                text41                             426E     426E       58         0
                text40                             3DF0     3DF0       68         0
                text39                             3D88     3D88       68         0
                text38                             3CB2     3CB2       6C         0
                text37                             3B54     3B54       7C         0
                text36                             49AE     49AE       38         0
                text35                             46FE     46FE       44         0
                text34                             2DF6     2DF6       F8         0
                text33                             3190     3190       D0         0
                text32                             4552     4552       4A         0
                text31                             4DAC     4DAC        E         0
                text30                             4808     4808       40         0
                text29                             493A     493A       3A         0
                text28                             3AD2     3AD2       82         0
                text27                             4900     4900       3A         0
                text26                             3566     3566       AE         0
                text25                             3BD0     3BD0       74         0
                text24                             3EBC     3EBC       64         0
                text23                             49E6     49E6       34         0
                text22                             4B94     4B94       28         0
                text21                             4E00     4E00        8         0
                text20                             4C56     4C56       1E         0
                text19                             3260     3260       CA         0
                text18                             17CA     17CA      384         0
                text17                             441E     441E       50         0
                text16                             4C0A     4C0A       26         0
                text15                             446E     446E       4C         0
                text14                             26E2     26E2      158         0
                text13                             4BE4     4BE4       26         0
                text12                             4DF8     4DF8        8         0
                text11                             4AB2     4AB2       32         0
                text10                             34B6     34B6       B0         0
                text9                              1FE4     1FE4      218         0
                text8                              4DBA     4DBA        C         0
                text7                              47C8     47C8       40         0
                text6                              4216     4216       58         0
                text5                              2EEE     2EEE       EC         0
                text4                              4A80     4A80       32         0
                text3                              4AE4     4AE4       2E         0
                text2                              4A4E     4A4E       32         0
                text1                              3E58     3E58       64         0
                text0                              462C     462C       46         0
                cinit                              4162     4162       5A         0
                idataCOMRAM                        4E2A     4E2A        1         0

        CLASS   CONST          

        CLASS   SMALLCONST     

        CLASS   MEDIUMCONST    
                mediumconst                        FA1E     FA1E      5E2         0

        CLASS   COMRAM         
                cstackCOMRAM                        501      501       54         1
                dataCOMRAM                          559      559        1         1
                bssCOMRAM                           555      555        4         1

        CLASS   ABS1           

        CLASS   BIGRAM         
                bssBIGRAM                           6E5      6E5      1A0         1

        CLASS   RAM            

        CLASS   BANK5          
                cstackBANK5                         560      560       56         1
                bssBANK5                            5B6      5B6       4A         1

        CLASS   BANK6          
                cstackBANK6                         6DF      6DF        6         1
                bssBANK6                            600      600       DF         1

        CLASS   BANK7          

        CLASS   BANK8          

        CLASS   BANK9          

        CLASS   BANK10         

        CLASS   BANK11         

        CLASS   BANK12         

        CLASS   BANK13         

        CLASS   BANK14         

        CLASS   BANK15         

        CLASS   BANK16         

        CLASS   BANK17         

        CLASS   BANK18         

        CLASS   BANK19         

        CLASS   BANK20         

        CLASS   SFR            

        CLASS   BIGSFR         

        CLASS   CONFIG         
                config                           300000   300000        9         4

        CLASS   IDLOC          

        CLASS   EEDATA         

        CLASS   FARRAM         

        CLASS   HEAP           

        CLASS   STACK          



SEGMENTS        Name                           Load    Length   Top    Selector   Space  Class

                reset_vec                      000000  000004  000004         0       0  CODE    
                ivt0x8                         000008  004E23  004E2B         4       0  CODE    
                cstackCOMRAM                   000501  000059  00055A       501       1  COMRAM  
                cstackBANK5                    000560  0000A0  000600       560       1  BANK5   
                bssBANK6                       000600  0000E5  0006E5       600       1  BANK6   
                bssBIGRAM                      0006E5  0001A0  000885       6E5       1  BIGRAM  
                mediumconst                    00FA1E  0005E2  010000      7D0F       0  MEDIUMCO


UNUSED ADDRESS RANGES

        Name                Unused          Largest block    Delta
        BANK10           000A00-000AFF              100
        BANK11           000B00-000BFF              100
        BANK12           000C00-000CFF              100
        BANK13           000D00-000DFF              100
        BANK14           000E00-000EFF              100
        BANK15           000F00-000FFF              100
        BANK16           001000-0010FF              100
        BANK17           001100-0011FF              100
        BANK18           001200-0012FF              100
        BANK19           001300-0013FF              100
        BANK20           001400-0014FF              100
        BANK8            000885-0008FF               7B
        BANK9            000900-0009FF              100
        BIGRAM           00055A-00055F                6
                         000885-0014FF              C7B
        BIGSFR           000000-0004FF              500
                         001500-0015FF              100
        CODE             000004-000007                4
                         004E2B-00FA1D             ABF3
        COMRAM           00055A-00055F                6
        CONFIG           300009-300011                9
        CONST            000004-000007                4
                         004E2B-00FA1D             ABF3
        EEDATA           380000-3801FF              200
        IDLOC            200000-20003F               40
        MEDIUMCONST      004E2B-00FA1D             ABF3
        RAM              000885-0014FF              100
        SFR              000000-0004FF              100
                         001500-0015FF              100
        SMALLCONST       004E2B-00FA1D              100

                                  Symbol Table

?_ADC_FilterValueGet                               cstackCOMRAM 000506
?_AmbientCompensation                              cstackBANK5  0005A2
?_Ambient_ReadSensor                               cstackBANK5  000560
?_BME280_compensateHumidity                        cstackCOMRAM 000512
?_BME280_compensatePressure                        cstackCOMRAM 000513
?_BME280_compensateTemperature                     cstackCOMRAM 000512
?_BME280_getHumidity                               cstackBANK5  000579
?_BME280_getPressure                               cstackBANK5  000592
?_BME280_getTemperature                            cstackBANK5  000579
?___awdiv                                          cstackCOMRAM 000506
?___awmod                                          cstackCOMRAM 000506
?___fladd                                          cstackBANK5  000592
?___fldiv                                          cstackBANK5  000560
?___flmul                                          cstackBANK5  000579
?___fltol                                          cstackBANK5  0005B2
?___lldiv                                          cstackCOMRAM 000506
?___lmul                                           cstackCOMRAM 000506
?___lwdiv                                          cstackCOMRAM 000506
?___lwmod                                          cstackCOMRAM 000506
?___xxtofl                                         cstackCOMRAM 000547
?_abs                                              cstackCOMRAM 00050C
?_oledC_getShape                                   cstackCOMRAM 000506
?_printf                                           cstackCOMRAM 000529
?_sprintf                                          cstackCOMRAM 000529
?_vfprintf                                         cstackCOMRAM 000521
AmbientCompensation@Ambient_Raw                    cstackBANK5  0005A6
AmbientCompensation@Ambient_Volt                   cstackBANK5  0005AA
AmbientCompensation@Light_Intensity                cstackBANK5  0005AE
BME280_compensateHumidity@h                        cstackCOMRAM 00052B
BME280_compensateHumidity@humV                     cstackCOMRAM 000543
BME280_compensatePressure@p                        cstackCOMRAM 00052C
BME280_compensatePressure@pressV1                  cstackCOMRAM 000530
BME280_compensatePressure@pressV2                  cstackCOMRAM 000528
BME280_compensateTemperature@t                     cstackCOMRAM 000531
BME280_compensateTemperature@tempV1                cstackCOMRAM 000529
BME280_compensateTemperature@tempV2                cstackCOMRAM 00052D
BME280_config@coeff                                cstackCOMRAM 000506
BME280_config@sbtime                               cstackCOMRAM 000508
BME280_ctrl_hum@osrs_H                             cstackCOMRAM 000506
BME280_ctrl_meas@mode                              cstackCOMRAM 000507
BME280_ctrl_meas@osrs_P                            cstackCOMRAM 000506
BME280_ctrl_meas@osrs_T                            cstackCOMRAM 000509
BME280_getHumidity@humidity                        cstackBANK5  00057D
BME280_getPressure@pressure                        cstackBANK5  000596
BME280_getTemperature@temperature                  cstackBANK5  00057D
BME280_readMeasurements@sensorData                 cstackCOMRAM 00051F
I2C1_ErrorGet@retErrorState                        cstackCOMRAM 000506
I2C1_Write@address                                 cstackCOMRAM 000507
I2C1_Write@data                                    cstackCOMRAM 000509
I2C1_Write@dataLength                              cstackCOMRAM 00050B
I2C1_WriteRead@address                             cstackCOMRAM 000507
I2C1_WriteRead@readData                            cstackCOMRAM 00050D
I2C1_WriteRead@readLength                          cstackCOMRAM 00050F
I2C1_WriteRead@retStatus                           cstackCOMRAM 000511
I2C1_WriteRead@writeData                           cstackCOMRAM 000509
I2C1_WriteRead@writeLength                         cstackCOMRAM 00050B
INT0_SetInterruptHandler@InterruptHandler          cstackCOMRAM 000506
INT1_SetInterruptHandler@InterruptHandler          cstackCOMRAM 000506
INT2_SetInterruptHandler@InterruptHandler          cstackCOMRAM 000506
IVTBASEH                                           (abs)        00045E
IVTBASEL                                           (abs)        00045D
IVTBASEU                                           (abs)        00045F
SPI1_BufferExchange@bufferData                     cstackCOMRAM 000506
SPI1_BufferExchange@bufferInput                    cstackCOMRAM 00050A
SPI1_BufferExchange@bufferSize                     cstackCOMRAM 000508
SPI1_BufferWrite@bufferData                        cstackCOMRAM 000506
SPI1_BufferWrite@bufferInput                       cstackCOMRAM 00050A
SPI1_BufferWrite@bufferSize                        cstackCOMRAM 000508
SPI1_ByteWrite@byteData                            cstackCOMRAM 000506
SPI1_Open@spiConfigIndex                           cstackCOMRAM 000506
TMR1_CounterSet@onState                            cstackCOMRAM 000503
TMR1_CounterSet@timerVal                           cstackCOMRAM 000501
TMR1_OverflowCallbackRegister@CallbackHandler      cstackCOMRAM 000506
UART1_FramingErrorCallbackRegister@callbackHandler cstackCOMRAM 000506
UART1_OverrunErrorCallbackRegister@callbackHandler cstackCOMRAM 000506
UART1_ParityErrorCallbackRegister@callbackHandler  cstackCOMRAM 000506
UART1_Write@txData                                 cstackCOMRAM 000506
_ACTCON                                            (abs)        0000AC
_ADACCH                                            (abs)        0003E4
_ADACCL                                            (abs)        0003E3
_ADACCU                                            (abs)        0003E5
_ADACQH                                            (abs)        0003EF
_ADACQL                                            (abs)        0003EE
_ADACT                                             (abs)        0003F9
_ADCAP                                             (abs)        0003F0
_ADCLK                                             (abs)        0003FA
_ADCNT                                             (abs)        0003E6
_ADCON0                                            (abs)        0003F3
_ADCON0bits                                        (abs)        0003F3
_ADCON1                                            (abs)        0003F4
_ADCON1bits                                        (abs)        0003F4
_ADCON2                                            (abs)        0003F5
_ADCON2bits                                        (abs)        0003F5
_ADCON3                                            (abs)        0003F6
_ADCON3bits                                        (abs)        0003F6
_ADCP                                              (abs)        0003D8
_ADCPbits                                          (abs)        0003D8
_ADC_ConversionDoneCallback                        bssBANK5     0005E7
_ADC_ConversionStart                               text90       004E18
_ADC_FilterValueGet                                text89       004D0C
_ADC_ISR                                           text125      004E22
_ADC_Initialize                                    text108      0040A6
_ADC_IsConversionDone                              text88       004CF6
_ADC_IsThresholdInterruptFlagSet                   text87       004D38
_ADC_ThresholdCallback                             bssBANK5     0005E5
_ADC_ThresholdISR                                  text124      004E1E
_ADERRH                                            (abs)        0003DE
_ADERRL                                            (abs)        0003DD
_ADFLTRH                                           (abs)        0003E2
_ADFLTRL                                           (abs)        0003E1
_ADLTHH                                            (abs)        0003DA
_ADLTHL                                            (abs)        0003D9
_ADPCH                                             (abs)        0003EC
_ADPREH                                            (abs)        0003F2
_ADPREL                                            (abs)        0003F1
_ADPREVH                                           (abs)        0003E9
_ADPREVL                                           (abs)        0003E8
_ADREF                                             (abs)        0003F8
_ADRESH                                            (abs)        0003EB
_ADRESL                                            (abs)        0003EA
_ADRPT                                             (abs)        0003E7
_ADSTAT                                            (abs)        0003F7
_ADSTATbits                                        (abs)        0003F7
_ADSTPTH                                           (abs)        0003E0
_ADSTPTL                                           (abs)        0003DF
_ADUTHH                                            (abs)        0003DC
_ADUTHL                                            (abs)        0003DB
_ANSELA                                            (abs)        000400
_ANSELB                                            (abs)        000408
_ANSELC                                            (abs)        000410
_AmbientCompensation                               text81       002FDA
_Ambient_ReadSensor                                text85       0041BC
_BME280_compensateHumidity                         text79       000BC0
_BME280_compensateHumidity$6732                    cstackCOMRAM 00053F
_BME280_compensateHumidity$6733                    cstackCOMRAM 00052F
_BME280_compensateHumidity$6734                    cstackCOMRAM 000533
_BME280_compensateHumidity$6735                    cstackCOMRAM 000537
_BME280_compensateHumidity$6736                    cstackCOMRAM 00053B
_BME280_compensatePressure                         text76       00001E
_BME280_compensatePressure$6731                    cstackCOMRAM 000524
_BME280_compensateTemperature                      text74       001B4E
_BME280_compensateTemperature$6730                 cstackCOMRAM 000535
_BME280_config                                     text13       004BE4
_BME280_ctrl_hum                                   text12       004DF8
_BME280_ctrl_meas                                  text11       004AB2
_BME280_getHumidity                                text78       003FE4
_BME280_getPressure                                text75       00389C
_BME280_getTemperature                             text73       003F82
_BME280_initializeSensor                           text10       0034B6
_BME280_readFactoryCalibrationParams               text9        001FE4
_BME280_readMeasurements                           text69       00283A
_BME280_reset                                      text7        0047C8
_BME280_startForcedSensing                         text67       004742
_CLOCK_Initialize                                  text107      004D60
_FVRCON                                            (abs)        0003D7
_FVRCONbits                                        (abs)        0003D7
_FVR_Initialize                                    text106      004E08
_I2C1ADB1                                          (abs)        00028F
_I2C1BAUD                                          (abs)        00029D
_I2C1BTOC                                          (abs)        00029F
_I2C1CLK                                           (abs)        00029E
_I2C1CNTH                                          (abs)        00028D
_I2C1CNTL                                          (abs)        00028C
_I2C1CON0                                          (abs)        000294
_I2C1CON0bits                                      (abs)        000294
_I2C1CON1                                          (abs)        000295
_I2C1CON1bits                                      (abs)        000295
_I2C1CON2                                          (abs)        000296
_I2C1ERR                                           (abs)        000297
_I2C1ERRbits                                       (abs)        000297
_I2C1PIE                                           (abs)        00029B
_I2C1PIEbits                                       (abs)        00029B
_I2C1PIR                                           (abs)        00029A
_I2C1PIRbits                                       (abs)        00029A
_I2C1RXB                                           (abs)        00028A
_I2C1SCLPPS                                        (abs)        000271
_I2C1SDAPPS                                        (abs)        000270
_I2C1STAT0bits                                     (abs)        000298
_I2C1STAT1                                         (abs)        000299
_I2C1STAT1bits                                     (abs)        000299
_I2C1TXB                                           (abs)        00028B
_I2C1_BusReset                                     text121      004974
_I2C1_Callback                                     bssBANK5     0005E3
_I2C1_CallbackRegister                             (abs)        000000
_I2C1_Close                                        text119      004B6A
_I2C1_Deinitialize                                 (abs)        000000
_I2C1_ERROR_ISR                                    text120      00375E
_I2C1_ErrorGet                                     text8        004DBA
_I2C1_Host                                         mediumconst  00FAF5
_I2C1_ISR                                          text117      003934
_I2C1_Initialize                                   text104      00431E
_I2C1_InterruptsDisable                            text123      004D9C
_I2C1_InterruptsEnable                             text105      004D4C
_I2C1_IsBusy                                       text72       004B12
_I2C1_IsBusy$1217                                  cstackCOMRAM 000506
_I2C1_RX_ISR                                       text116      004D74
_I2C1_Read                                         (abs)        000000
_I2C1_ReadStart                                    text118      004B3E
_I2C1_TX_ISR                                       text115      004D22
_I2C1_Write                                        text68       004506
_I2C1_WriteRead                                    text70       004376
_I2C1_WriteStart                                   text71       004786
_INLVLA                                            (abs)        000404
_INLVLB                                            (abs)        00040C
_INLVLC                                            (abs)        000414
_INT0_DefaultInterruptHandler                      (abs)        000000
_INT0_InterruptHandler                             bssBANK5     0005E1
_INT0_SetInterruptHandler                          text103      004DEE
_INT1_DefaultInterruptHandler                      (abs)        000000
_INT1_InterruptHandler                             bssBANK5     0005DF
_INT1_SetInterruptHandler                          text102      004DE4
_INT2_DefaultInterruptHandler                      (abs)        000000
_INT2_InterruptHandler                             bssBANK5     0005DD
_INT2_SetInterruptHandler                          text101      004DDA
_INTCON0bits                                       (abs)        0004D6
_INTERRUPT_Initialize                              text100      004A1A
_INTERRUPT_InterruptManager                        text110      002BDC
_IOCAF                                             (abs)        000407
_IOCAN                                             (abs)        000406
_IOCAP                                             (abs)        000405
_IOCBF                                             (abs)        00040F
_IOCBN                                             (abs)        00040E
_IOCBP                                             (abs)        00040D
_IOCCF                                             (abs)        000417
_IOCCN                                             (abs)        000416
_IOCCP                                             (abs)        000415
_LATA                                              (abs)        0004BE
_LATAbits                                          (abs)        0004BE
_LATB                                              (abs)        0004BF
_LATC                                              (abs)        0004C0
_LATCbits                                          (abs)        0004C0
_LightIntensity                                    bssBANK6     000620
_ODCONA                                            (abs)        000402
_ODCONB                                            (abs)        00040A
_ODCONC                                            (abs)        000412
_OLEDC_COLOR_ALICEBLUE                             mediumconst  00FC37
_OLEDC_COLOR_ANTIQUEWHITE                          mediumconst  00FC35
_OLEDC_COLOR_AQUA                                  mediumconst  00FC33
_OLEDC_COLOR_AQUAMARINE                            mediumconst  00FC31
_OLEDC_COLOR_AZURE                                 mediumconst  00FC2F
_OLEDC_COLOR_BEIGE                                 mediumconst  00FC2D
_OLEDC_COLOR_BISQUE                                mediumconst  00FC2B
_OLEDC_COLOR_BLANCHEDALMOND                        mediumconst  00FC27
_OLEDC_COLOR_BLUEVIOLET                            mediumconst  00FC23
_OLEDC_COLOR_BROWN                                 mediumconst  00FC21
_OLEDC_COLOR_BURLYWOOD                             mediumconst  00FC1F
_OLEDC_COLOR_CADETBLUE                             mediumconst  00FC1D
_OLEDC_COLOR_CHARTREUSE                            mediumconst  00FC1B
_OLEDC_COLOR_CHOCOLATE                             mediumconst  00FC19
_OLEDC_COLOR_CORAL                                 mediumconst  00FC17
_OLEDC_COLOR_CORNFLOWERBLUE                        mediumconst  00FC15
_OLEDC_COLOR_CORNSILK                              mediumconst  00FC13
_OLEDC_COLOR_CRIMSON                               mediumconst  00FC11
_OLEDC_COLOR_CYAN                                  mediumconst  00FC0F
_OLEDC_COLOR_DARKBLUE                              mediumconst  00FC0D
_OLEDC_COLOR_DARKCYAN                              mediumconst  00FC0B
_OLEDC_COLOR_DARKGOLDENROD                         mediumconst  00FC09
_OLEDC_COLOR_DARKGRAY                              mediumconst  00FC07
_OLEDC_COLOR_DARKGREEN                             mediumconst  00FC05
_OLEDC_COLOR_DARKGREY                              mediumconst  00FC03
_OLEDC_COLOR_DARKKHAKI                             mediumconst  00FC01
_OLEDC_COLOR_DARKMAGENTA                           mediumconst  00FBFF
_OLEDC_COLOR_DARKOLIVEGREEN                        mediumconst  00FBFD
_OLEDC_COLOR_DARKORANGE                            mediumconst  00FBFB
_OLEDC_COLOR_DARKORCHID                            mediumconst  00FBF9
_OLEDC_COLOR_DARKRED                               mediumconst  00FBF7
_OLEDC_COLOR_DARKSALMON                            mediumconst  00FBF5
_OLEDC_COLOR_DARKSEAGREEN                          mediumconst  00FBF3
_OLEDC_COLOR_DARKSLATEBLUE                         mediumconst  00FBF1
_OLEDC_COLOR_DARKSLATEGRAY                         mediumconst  00FBEF
_OLEDC_COLOR_DARKSLATEGREY                         mediumconst  00FBED
_OLEDC_COLOR_DARKTURQUOISE                         mediumconst  00FBEB
_OLEDC_COLOR_DARKVIOLET                            mediumconst  00FBE9
_OLEDC_COLOR_DEEPPINK                              mediumconst  00FBE7
_OLEDC_COLOR_DEEPSKYBLUE                           mediumconst  00FBE5
_OLEDC_COLOR_DIMGRAY                               mediumconst  00FBE3
_OLEDC_COLOR_DIMGREY                               mediumconst  00FBE1
_OLEDC_COLOR_DODGERBLUE                            mediumconst  00FBDF
_OLEDC_COLOR_FIREBRICK                             mediumconst  00FBDD
_OLEDC_COLOR_FLORALWHITE                           mediumconst  00FBDB
_OLEDC_COLOR_FORESTGREEN                           mediumconst  00FBD9
_OLEDC_COLOR_FUCHSIA                               mediumconst  00FBD7
_OLEDC_COLOR_GAINSBORO                             mediumconst  00FBD5
_OLEDC_COLOR_GHOSTWHITE                            mediumconst  00FBD3
_OLEDC_COLOR_GOLD                                  mediumconst  00FBD1
_OLEDC_COLOR_GOLDENROD                             mediumconst  00FBCF
_OLEDC_COLOR_GRAY                                  mediumconst  00FBCD
_OLEDC_COLOR_GREENYELLOW                           mediumconst  00FBC9
_OLEDC_COLOR_GREY                                  mediumconst  00FBC7
_OLEDC_COLOR_HONEYDEW                              mediumconst  00FBC5
_OLEDC_COLOR_HOTPINK                               mediumconst  00FBC3
_OLEDC_COLOR_INDIANRED                             mediumconst  00FBC1
_OLEDC_COLOR_INDIGO                                mediumconst  00FBBF
_OLEDC_COLOR_IVORY                                 mediumconst  00FBBD
_OLEDC_COLOR_KHAKI                                 mediumconst  00FBBB
_OLEDC_COLOR_LAVENDER                              mediumconst  00FBB9
_OLEDC_COLOR_LAVENDERBLUSH                         mediumconst  00FBB7
_OLEDC_COLOR_LAWNGREEN                             mediumconst  00FBB5
_OLEDC_COLOR_LEMONCHIFFON                          mediumconst  00FBB3
_OLEDC_COLOR_LIGHTBLUE                             mediumconst  00FBB1
_OLEDC_COLOR_LIGHTCORAL                            mediumconst  00FBAF
_OLEDC_COLOR_LIGHTCYAN                             mediumconst  00FBAD
_OLEDC_COLOR_LIGHTGOLDENRODYELLOW                  mediumconst  00FBAB
_OLEDC_COLOR_LIGHTGRAY                             mediumconst  00FBA9
_OLEDC_COLOR_LIGHTGREEN                            mediumconst  00FBA7
_OLEDC_COLOR_LIGHTGREY                             mediumconst  00FBA5
_OLEDC_COLOR_LIGHTPINK                             mediumconst  00FBA3
_OLEDC_COLOR_LIGHTSALMON                           mediumconst  00FBA1
_OLEDC_COLOR_LIGHTSEAGREEN                         mediumconst  00FB9F
_OLEDC_COLOR_LIGHTSKYBLUE                          mediumconst  00FB9D
_OLEDC_COLOR_LIGHTSLATEGRAY                        mediumconst  00FB9B
_OLEDC_COLOR_LIGHTSLATEGREY                        mediumconst  00FB99
_OLEDC_COLOR_LIGHTSTEELBLUE                        mediumconst  00FB97
_OLEDC_COLOR_LIGHTYELLOW                           mediumconst  00FB95
_OLEDC_COLOR_LIME                                  mediumconst  00FB93
_OLEDC_COLOR_LIMEGREEN                             mediumconst  00FB91
_OLEDC_COLOR_LINEN                                 mediumconst  00FB8F
_OLEDC_COLOR_MAGENTA                               mediumconst  00FB8D
_OLEDC_COLOR_MAROON                                mediumconst  00FB8B
_OLEDC_COLOR_MEDIUMAQUAMARINE                      mediumconst  00FB89
_OLEDC_COLOR_MEDIUMBLUE                            mediumconst  00FB87
_OLEDC_COLOR_MEDIUMORCHID                          mediumconst  00FB85
_OLEDC_COLOR_MEDIUMPURPLE                          mediumconst  00FB83
_OLEDC_COLOR_MEDIUMSEAGREEN                        mediumconst  00FB81
_OLEDC_COLOR_MEDIUMSLATEBLUE                       mediumconst  00FB7F
_OLEDC_COLOR_MEDIUMSPRINGGREEN                     mediumconst  00FB7D
_OLEDC_COLOR_MEDIUMTURQUOISE                       mediumconst  00FB7B
_OLEDC_COLOR_MEDIUMVIOLETRED                       mediumconst  00FB79
_OLEDC_COLOR_MIDNIGHTBLUE                          mediumconst  00FB77
_OLEDC_COLOR_MINTCREAM                             mediumconst  00FB75
_OLEDC_COLOR_MISTYROSE                             mediumconst  00FB73
_OLEDC_COLOR_MOCCASIN                              mediumconst  00FB71
_OLEDC_COLOR_NAVAJOWHITE                           mediumconst  00FB6F
_OLEDC_COLOR_NAVY                                  mediumconst  00FB6D
_OLEDC_COLOR_OLDLACE                               mediumconst  00FB6B
_OLEDC_COLOR_OLIVE                                 mediumconst  00FB69
_OLEDC_COLOR_OLIVEDRAB                             mediumconst  00FB67
_OLEDC_COLOR_ORANGE                                mediumconst  00FB65
_OLEDC_COLOR_ORANGERED                             mediumconst  00FB63
_OLEDC_COLOR_ORCHID                                mediumconst  00FB61
_OLEDC_COLOR_PALEGOLDENROD                         mediumconst  00FB5F
_OLEDC_COLOR_PALEGREEN                             mediumconst  00FB5D
_OLEDC_COLOR_PALETURQUOISE                         mediumconst  00FB5B
_OLEDC_COLOR_PALEVIOLETRED                         mediumconst  00FB59
_OLEDC_COLOR_PAPAYAWHIP                            mediumconst  00FB57
_OLEDC_COLOR_PEACHPUFF                             mediumconst  00FB55
_OLEDC_COLOR_PERU                                  mediumconst  00FB53
_OLEDC_COLOR_PINK                                  mediumconst  00FB51
_OLEDC_COLOR_PLUM                                  mediumconst  00FB4F
_OLEDC_COLOR_POWDERBLUE                            mediumconst  00FB4D
_OLEDC_COLOR_PURPLE                                mediumconst  00FB4B
_OLEDC_COLOR_ROSYBROWN                             mediumconst  00FB47
_OLEDC_COLOR_ROYALBLUE                             mediumconst  00FB45
_OLEDC_COLOR_SADDLEBROWN                           mediumconst  00FB43
_OLEDC_COLOR_SALMON                                mediumconst  00FB41
_OLEDC_COLOR_SANDYBROWN                            mediumconst  00FB3F
_OLEDC_COLOR_SEAGREEN                              mediumconst  00FB3D
_OLEDC_COLOR_SEASHELL                              mediumconst  00FB3B
_OLEDC_COLOR_SIENNA                                mediumconst  00FB39
_OLEDC_COLOR_SILVER                                mediumconst  00FB37
_OLEDC_COLOR_SKYBLUE                               mediumconst  00FB35
_OLEDC_COLOR_SLATEBLUE                             mediumconst  00FB33
_OLEDC_COLOR_SLATEGRAY                             mediumconst  00FB31
_OLEDC_COLOR_SLATEGREY                             mediumconst  00FB2F
_OLEDC_COLOR_SNOW                                  mediumconst  00FB2D
_OLEDC_COLOR_SPRINGGREEN                           mediumconst  00FB2B
_OLEDC_COLOR_STEELBLUE                             mediumconst  00FB29
_OLEDC_COLOR_TAN                                   mediumconst  00FB27
_OLEDC_COLOR_TEAL                                  mediumconst  00FB25
_OLEDC_COLOR_THISTLE                               mediumconst  00FB23
_OLEDC_COLOR_TOMATO                                mediumconst  00FB21
_OLEDC_COLOR_TURQUOISE                             mediumconst  00FB1F
_OLEDC_COLOR_VIOLET                                mediumconst  00FB1D
_OLEDC_COLOR_WHEAT                                 mediumconst  00FB1B
_OLEDC_COLOR_WHITESMOKE                            mediumconst  00FB17
_OLEDC_COLOR_YELLOWGREEN                           mediumconst  00FB13
_OLED_DIM_WIDTH                                    mediumconst  00FC3B
_OSCCON1                                           (abs)        0000AD
_OSCCON3                                           (abs)        0000AF
_OSCEN                                             (abs)        0000B3
_OSCFRQ                                            (abs)        0000B1
_OSCTUNE                                           (abs)        0000B0
_PIE1bits                                          (abs)        0004A9
_PIE2bits                                          (abs)        0004AA
_PIE3bits                                          (abs)        0004AB
_PIE7bits                                          (abs)        0004AF
_PIN_MANAGER_Initialize                            text99       0039C8
_PIR10bits                                         (abs)        0004BD
_PIR1bits                                          (abs)        0004B4
_PIR2bits                                          (abs)        0004B5
_PIR3bits                                          (abs)        0004B6
_PIR6bits                                          (abs)        0004B9
_PIR7bits                                          (abs)        0004BA
_RB4I2C                                            (abs)        000287
_RB4PPS                                            (abs)        00020D
_RB6I2C                                            (abs)        000286
_RB6PPS                                            (abs)        00020F
_RB7PPS                                            (abs)        000210
_RC1PPS                                            (abs)        000212
_RC7PPS                                            (abs)        000218
_SLRCONA                                           (abs)        000403
_SLRCONB                                           (abs)        00040B
_SLRCONC                                           (abs)        000413
_SPI1BAUD                                          (abs)        000089
_SPI1CLK                                           (abs)        00008C
_SPI1CON0                                          (abs)        000084
_SPI1CON0bits                                      (abs)        000084
_SPI1CON1                                          (abs)        000085
_SPI1CON2                                          (abs)        000086
_SPI1INTE                                          (abs)        00008B
_SPI1INTF                                          (abs)        00008A
_SPI1INTFbits                                      (abs)        00008A
_SPI1RXB                                           (abs)        000080
_SPI1SCKPPS                                        (abs)        00026A
_SPI1SDIPPS                                        (abs)        00026B
_SPI1STATUS                                        (abs)        000087
_SPI1STATUSbits                                    (abs)        000087
_SPI1TCNTH                                         (abs)        000083
_SPI1TCNTL                                         (abs)        000082
_SPI1TWIDTH                                        (abs)        000088
_SPI1TXB                                           (abs)        000081
_SPI1_BufferExchange                               text61       004106
_SPI1_BufferRead                                   (abs)        000000
_SPI1_BufferWrite                                  text62       0043CC
_SPI1_ByteExchange                                 (abs)        000000
_SPI1_ByteRead                                     (abs)        000000
_SPI1_ByteWrite                                    text60       004CE0
_SPI1_Close                                        (abs)        000000
_SPI1_Deinitialize                                 (abs)        000000
_SPI1_Host                                         mediumconst  00FAD7
_SPI1_Initialize                                   text98       004BBC
_SPI1_IsRxReady                                    (abs)        000000
_SPI1_IsTxReady                                    (abs)        000000
_SPI1_Open                                         text109      00332A
_SPI1_Transfer                                     (abs)        000000
_SYSTEM_Initialize                                 text92       004C30
_T1CLK                                             (abs)        000317
_T1CON                                             (abs)        000314
_T1CONbits                                         (abs)        000314
_T1GATE                                            (abs)        000316
_T1GCON                                            (abs)        000315
_T1GCONbits                                        (abs)        000315
_TMR1H                                             (abs)        000313
_TMR1L                                             (abs)        000312
_TMR1_CounterSet                                   text114      0046B8
_TMR1_DefaultGateCallback                          (abs)        000000
_TMR1_DefaultOverflowCallback                      text112      004E28
_TMR1_GateCallback                                 bssBANK5     0005D7
_TMR1_Initialize                                   text97       004848
_TMR1_OverflowCallback                             bssBANK5     0005D9
_TMR1_OverflowCallbackRegister                     text91       004DD0
_TMR1_OverflowISR                                  text111      0048C4
_TRISA                                             (abs)        0004C6
_TRISB                                             (abs)        0004C7
_TRISC                                             (abs)        0004C8
_TRISCbits                                         (abs)        0004C8
_U1BRGH                                            (abs)        0002AF
_U1BRGL                                            (abs)        0002AE
_U1CON0                                            (abs)        0002AB
_U1CON0bits                                        (abs)        0002AB
_U1CON1                                            (abs)        0002AC
_U1CON1bits                                        (abs)        0002AC
_U1CON2                                            (abs)        0002AD
_U1ERRIE                                           (abs)        0002B3
_U1ERRIR                                           (abs)        0002B2
_U1ERRIRbits                                       (abs)        0002B2
_U1FIFO                                            (abs)        0002B0
_U1FIFObits                                        (abs)        0002B0
_U1P1H                                             (abs)        0002A6
_U1P1L                                             (abs)        0002A5
_U1P2H                                             (abs)        0002A8
_U1P2L                                             (abs)        0002A7
_U1P3H                                             (abs)        0002AA
_U1P3L                                             (abs)        0002A9
_U1RXB                                             (abs)        0002A1
_U1RXCHK                                           (abs)        0002A2
_U1RXPPS                                           (abs)        000272
_U1TXB                                             (abs)        0002A3
_U1TXCHK                                           (abs)        0002A4
_U1UIR                                             (abs)        0002B1
_U1UIRbits                                         (abs)        0002B1
_UART1_DefaultFramingErrorCallback                 (abs)        000000
_UART1_DefaultOverrunErrorCallback                 (abs)        000000
_UART1_DefaultParityErrorCallback                  (abs)        000000
_UART1_FramingErrorCallbackRegister                text96       004CAC
_UART1_FramingErrorHandler                         bssBANK5     0005D3
_UART1_Initialize                                  text93       004046
_UART1_IsTxReady                                   text22       004B94
_UART1_IsTxReady$2652                              cstackCOMRAM 000506
_UART1_OverrunErrorCallbackRegister                text95       004C90
_UART1_OverrunErrorHandler                         bssBANK5     0005D1
_UART1_ParityErrorCallbackRegister                 text94       004C74
_UART1_ParityErrorHandler                          bssBANK5     0005CF
_UART1_Write                                       text21       004E00
_WPUA                                              (abs)        000401
_WPUB                                              (abs)        000409
_WPUC                                              (abs)        000411
_WeatherClick_readSensors                          text66       004DC6
_WeatherStation_Print                              text14       0026E2
_WeatherStation_initialize                         text6        004216
__HRAM                                             (abs)        000000
__H__absolute__                                    __absolute__ 000000
__Habs1                                            abs1         000000
__Hbank10                                          bank10       000000
__Hbank11                                          bank11       000000
__Hbank12                                          bank12       000000
__Hbank13                                          bank13       000000
__Hbank14                                          bank14       000000
__Hbank15                                          bank15       000000
__Hbank16                                          bank16       000000
__Hbank17                                          bank17       000000
__Hbank18                                          bank18       000000
__Hbank19                                          bank19       000000
__Hbank20                                          bank20       000000
__Hbank5                                           bank5        000000
__Hbank6                                           bank6        000000
__Hbank7                                           bank7        000000
__Hbank8                                           bank8        000000
__Hbank9                                           bank9        000000
__Hbigbss                                          bigbss       000000
__Hbigdata                                         bigdata      000000
__Hbigram                                          bigram       000000
__Hbigsfr                                          bigsfr       000000
__Hbss                                             bss          000000
__HbssBANK5                                        bssBANK5     000000
__HbssBANK6                                        bssBANK6     000000
__HbssBIGRAM                                       bssBIGRAM    000000
__HbssCOMRAM                                       bssCOMRAM    000000
__Hcinit                                           cinit        000000
__Hclrtext                                         clrtext      000000
__Hcomram                                          comram       000000
__Hconfig                                          config       300009
__Hconst                                           const        000000
__HcstackBANK5                                     cstackBANK5  000000
__HcstackBANK6                                     cstackBANK6  000000
__HcstackCOMRAM                                    cstackCOMRAM 000000
__Hdata                                            data         000000
__HdataCOMRAM                                      dataCOMRAM   000000
__Heeprom_data                                     eeprom_data  000000
__Hfarbss                                          farbss       000000
__Hfardata                                         fardata      000000
__Hheap                                            heap         000000
__Hibigdata                                        ibigdata     000000
__Hidata                                           idata        000000
__HidataCOMRAM                                     idataCOMRAM  000000
__Hidloc                                           idloc        000000
__Hifardata                                        ifardata     000000
__Hinit                                            init         00001E
__Hintsave_regs                                    intsave_regs 000000
__Hirdata                                          irdata       000000
__Hivt0x8                                          ivt0x8       00001A
__Hmediumconst                                     mediumconst  010000
__HnvFARRAM                                        nvFARRAM     000000
__Hnvbit                                           nvbit        000000
__Hnvrram                                          nvrram       000000
__Hparam                                           rparam       000000
__Hpowerup                                         powerup      000000
__Hram                                             ram          000000
__Hramtop                                          ramtop       001600
__Hrbit                                            rbit         000000
__Hrbss                                            rbss         000000
__Hrdata                                           rdata        000000
__Hreset_vec                                       reset_vec    000004
__Hrparam                                          rparam       000000
__Hsfr                                             sfr          000000
__Hsmallconst                                      smallconst   000000
__Hspace_0                                         (abs)        010000
__Hspace_1                                         (abs)        000885
__Hspace_2                                         (abs)        000000
__Hspace_4                                         (abs)        600009
__Hstack                                           stack        000000
__Hstruct                                          struct       000000
__Htemp                                            temp         000000
__Htext                                            text         000000
__Htext0                                           text0        000000
__Htext1                                           text1        000000
__Htext10                                          text10       000000
__Htext100                                         text100      000000
__Htext101                                         text101      000000
__Htext102                                         text102      000000
__Htext103                                         text103      000000
__Htext104                                         text104      000000
__Htext105                                         text105      000000
__Htext106                                         text106      000000
__Htext107                                         text107      000000
__Htext108                                         text108      000000
__Htext109                                         text109      000000
__Htext11                                          text11       000000
__Htext110                                         text110      000000
__Htext111                                         text111      000000
__Htext112                                         text112      000000
__Htext113                                         text113      000000
__Htext114                                         text114      000000
__Htext115                                         text115      000000
__Htext116                                         text116      000000
__Htext117                                         text117      000000
__Htext118                                         text118      000000
__Htext119                                         text119      000000
__Htext12                                          text12       000000
__Htext120                                         text120      000000
__Htext121                                         text121      000000
__Htext122                                         text122      000000
__Htext123                                         text123      000000
__Htext124                                         text124      000000
__Htext125                                         text125      000000
__Htext13                                          text13       000000
__Htext14                                          text14       000000
__Htext15                                          text15       000000
__Htext16                                          text16       000000
__Htext17                                          text17       000000
__Htext18                                          text18       000000
__Htext19                                          text19       000000
__Htext2                                           text2        000000
__Htext20                                          text20       000000
__Htext21                                          text21       000000
__Htext22                                          text22       000000
__Htext23                                          text23       000000
__Htext24                                          text24       000000
__Htext25                                          text25       000000
__Htext26                                          text26       000000
__Htext27                                          text27       000000
__Htext28                                          text28       000000
__Htext29                                          text29       000000
__Htext3                                           text3        000000
__Htext30                                          text30       000000
__Htext31                                          text31       000000
__Htext32                                          text32       000000
__Htext33                                          text33       000000
__Htext34                                          text34       000000
__Htext35                                          text35       000000
__Htext36                                          text36       000000
__Htext37                                          text37       000000
__Htext38                                          text38       000000
__Htext39                                          text39       000000
__Htext4                                           text4        000000
__Htext40                                          text40       000000
__Htext41                                          text41       000000
__Htext42                                          text42       000000
__Htext43                                          text43       000000
__Htext44                                          text44       000000
__Htext45                                          text45       000000
__Htext46                                          text46       000000
__Htext47                                          text47       000000
__Htext48                                          text48       000000
__Htext49                                          text49       000000
__Htext5                                           text5        000000
__Htext50                                          text50       000000
__Htext51                                          text51       000000
__Htext52                                          text52       000000
__Htext53                                          text53       000000
__Htext54                                          text54       000000
__Htext55                                          text55       000000
__Htext56                                          text56       000000
__Htext57                                          text57       000000
__Htext58                                          text58       000000
__Htext59                                          text59       000000
__Htext6                                           text6        000000
__Htext60                                          text60       000000
__Htext61                                          text61       000000
__Htext62                                          text62       000000
__Htext63                                          text63       000000
__Htext64                                          text64       000000
__Htext65                                          text65       000000
__Htext66                                          text66       000000
__Htext67                                          text67       000000
__Htext68                                          text68       000000
__Htext69                                          text69       000000
__Htext7                                           text7        000000
__Htext70                                          text70       000000
__Htext71                                          text71       000000
__Htext72                                          text72       000000
__Htext73                                          text73       000000
__Htext74                                          text74       000000
__Htext75                                          text75       000000
__Htext76                                          text76       000000
__Htext77                                          text77       000000
__Htext78                                          text78       000000
__Htext79                                          text79       000000
__Htext8                                           text8        000000
__Htext80                                          text80       000000
__Htext81                                          text81       000000
__Htext82                                          text82       000000
__Htext83                                          text83       000000
__Htext84                                          text84       000000
__Htext85                                          text85       000000
__Htext86                                          text86       000000
__Htext87                                          text87       000000
__Htext88                                          text88       000000
__Htext89                                          text89       000000
__Htext9                                           text9        000000
__Htext90                                          text90       000000
__Htext91                                          text91       000000
__Htext92                                          text92       000000
__Htext93                                          text93       000000
[...]
vfpfcnvrt@ap                                       cstackCOMRAM 000515
vfpfcnvrt@c                                        cstackCOMRAM 000520
vfpfcnvrt@convarg                                  cstackCOMRAM 00051C
vfpfcnvrt@cp                                       cstackCOMRAM 00051A
vfpfcnvrt@done                                     cstackCOMRAM 000519
vfpfcnvrt@fmt                                      cstackCOMRAM 000513
vfpfcnvrt@fp                                       cstackCOMRAM 000511
vfprintf@ap                                        cstackCOMRAM 000525
vfprintf@cfmt                                      cstackCOMRAM 000527
vfprintf@fmt                                       cstackCOMRAM 000523
vfprintf@fp                                        cstackCOMRAM 000521


MODULE INFORMATION

Module		Function		Class		Link	Load	Size
C:\Program Files\Microchip\xc8\v3.00\pic\sources\c99\common\abs.c
		_abs           		CODE           	49E6	0000	52

C:\Program Files\Microchip\xc8\v3.00\pic\sources\c99\common\abs.c estimated size: 52

C:\Program Files\Microchip\xc8\v3.00\pic\sources\c99\common\nf_fputc.c
		_fputc         		CODE           	3260	0000	202

C:\Program Files\Microchip\xc8\v3.00\pic\sources\c99\common\nf_fputc.c estimated size: 202

oledC/oledC.c
		_oledC_sendCommand		CODE           	4888	0000	60
		_oledC_setDisplayOrientation		CODE           	4AE4	0000	46
		_oledC_setSleepMode		CODE           	4A4E	0000	50
		_oledC_setRowAddressBounds		CODE           	3F20	0000	98
		_oledC_setColumnAddressBounds		CODE           	3C44	0000	110
		_oledC_sendColorInt		CODE           	4672	0000	70
		_startStreamingIfNeeded		CODE           	44BA	0000	76
		_oledC_setup   		CODE           	3E58	0000	100
		_oledC_startWritingDisplay		CODE           	4CC8	0000	24

oledC/oledC.c estimated size: 634

C:\Program Files\Microchip\xc8\v3.00\pic\sources\c99\common\nf_sprintf.c
		_sprintf       		CODE           	446E	0000	76

C:\Program Files\Microchip\xc8\v3.00\pic\sources\c99\common\nf_sprintf.c estimated size: 76

bme280.c
		_BME280_readMeasurements		CODE           	283A	0000	336
		_BME280_getTemperature		CODE           	3F82	0000	98
		_BME280_compensateHumidity		CODE           	0BC0	0000	1104
		_BME280_getHumidity		CODE           	3FE4	0000	98
		_BME280_reset  		CODE           	47C8	0000	64
		_BME280_config 		CODE           	4BE4	0000	38
		_BME280_ctrl_meas		CODE           	4AB2	0000	50
		_BME280_initializeSensor		CODE           	34B6	0000	176
		_BME280_compensateTemperature		CODE           	1B4E	0000	618
		_BME280_startForcedSensing		CODE           	4742	0000	68
		_BME280_compensatePressure		CODE           	001E	0000	1770
		_BME280_ctrl_hum		CODE           	4DF8	0000	8
		_BME280_getPressure		CODE           	389C	0000	152
		_BME280_readFactoryCalibrationParams		CODE           	1FE4	0000	536

bme280.c estimated size: 5116

mcc_generated_files/timer/src/tmr1.c
		_TMR1_Initialize		CODE           	4848	0000	64
		_TMR1_OverflowCallbackRegister		CODE           	4DD0	0000	10
		_TMR1_DefaultOverflowCallback		CODE           	4E28	0000	2
		_TMR1_CounterSet		CODE           	46B8	0000	70
		_TMR1_OverflowISR		CODE           	48C4	0000	60

mcc_generated_files/timer/src/tmr1.c estimated size: 206

mcc_generated_files/system/src/interrupt.c
		_INT0_SetInterruptHandler		CODE           	4DEE	0000	10
		_INT1_SetInterruptHandler		CODE           	4DE4	0000	10
		_INT2_SetInterruptHandler		CODE           	4DDA	0000	10
		_INTERRUPT_Initialize		CODE           	4A1A	0000	52
		_INTERRUPT_InterruptManager		CODE           	2BDC	0000	270

mcc_generated_files/system/src/interrupt.c estimated size: 352

oledC/oledC_shapeHandler.c
		_oledC_eraseShape		CODE           	3AD2	0000	130
		_oledC_redrawIndex		CODE           	46FE	0000	68
		_dummyshape    		CODE           	4E26	0000	2
		_oledC_addShape		CODE           	3614	0000	166
		_oledC_getShape		CODE           	493A	0000	58

oledC/oledC_shapeHandler.c estimated size: 424

mcc_generated_files/adc/src/adc.c
		_ADC_Initialize		CODE           	40A6	0000	96
		_ADC_IsConversionDone		CODE           	4CF6	0000	22
		_ADC_FilterValueGet		CODE           	4D0C	0000	22
		_ADC_ConversionStart		CODE           	4E18	0000	6
		_ADC_IsThresholdInterruptFlagSet		CODE           	4D38	0000	20
		_ADC_ISR       		CODE           	4E22	0000	4
		_ADC_ThresholdISR		CODE           	4E1E	0000	4

mcc_generated_files/adc/src/adc.c estimated size: 174

C:\Program Files\Microchip\xc8\v3.00\pic\sources\c99\common\printf.c
		_printf        		CODE           	4C0A	0000	38

C:\Program Files\Microchip\xc8\v3.00\pic\sources\c99\common\printf.c estimated size: 38

oledC/oledC_shapes.c
		_oledC_createShape		CODE           	1DB8	0000	556
		_drawCircle    		CODE           	459C	0000	72
		_drawRectangle 		CODE           	426E	0000	88
		_oledC_DrawPoint		CODE           	45E4	0000	72
		_drawCharacter 		CODE           	3D88	0000	104
		_drawPoint     		CODE           	49AE	0000	56
		_drawBitmap    		CODE           	3B54	0000	124
		_oledC_DrawRectangle		CODE           	3800	0000	156
		_oledC_DrawCircle		CODE           	21FC	0000	450
		_drawString    		CODE           	3CB2	0000	108
		_oledC_DrawString		CODE           	3A4E	0000	132
		_oledC_DrawBitmap		CODE           	298A	0000	312
		_oledC_DrawLine		CODE           	2CEA	0000	268
		_oledC_DrawRing		CODE           	2572	0000	368
		_drawLine      		CODE           	3DF0	0000	104
		_drawRing      		CODE           	42C6	0000	88
		_oledC_DrawCharacter		CODE           	30B8	0000	216

oledC/oledC_shapes.c estimated size: 3274

mcc_generated_files/uart/src/uart1.c
		_UART1_IsTxReady		CODE           	4B94	0000	40
		_UART1_Write   		CODE           	4E00	0000	8
		_putch         		CODE           	4C56	0000	30
		_UART1_FramingErrorCallbackRegister		CODE           	4CAC	0000	28
		_UART1_OverrunErrorCallbackRegister		CODE           	4C90	0000	28
		_UART1_Initialize		CODE           	4046	0000	96
		_UART1_ParityErrorCallbackRegister		CODE           	4C74	0000	28

mcc_generated_files/uart/src/uart1.c estimated size: 258

C:\Program Files\Microchip\xc8\v3.00\pic\sources\c99\common\lwmod.c
		___lwmod       		CODE           	3EBC	0000	100

C:\Program Files\Microchip\xc8\v3.00\pic\sources\c99\common\lwmod.c estimated size: 100

mcc_generated_files/i2c_host/src/i2c1.c
		_I2C1_RX_ISR   		CODE           	4D74	0000	20
		_I2C1_InterruptsEnable		CODE           	4D4C	0000	20
		_I2C1_WriteStart		CODE           	4786	0000	66
		_I2C1_ReadStart		CODE           	4B3E	0000	44
		_I2C1_ISR      		CODE           	3934	0000	148
		_I2C1_IsBusy   		CODE           	4B12	0000	44
		_I2C1_InterruptsDisable		CODE           	4D9C	0000	16
		_I2C1_ErrorGet 		CODE           	4DBA	0000	12
		_I2C1_BusReset 		CODE           	4974	0000	58
		_I2C1_Initialize		CODE           	431E	0000	88
		_I2C1_Close    		CODE           	4B6A	0000	42
		_I2C1_ERROR_ISR		CODE           	375E	0000	162
		_I2C1_Write    		CODE           	4506	0000	76
		_I2C1_TX_ISR   		CODE           	4D22	0000	22
		_I2C1_WriteRead		CODE           	4376	0000	86

mcc_generated_files/i2c_host/src/i2c1.c estimated size: 904

C:\Program Files\Microchip\xc8\v3.00\pic\sources\c99\common\awmod.c
		___awmod       		CODE           	3566	0000	174

C:\Program Files\Microchip\xc8\v3.00\pic\sources\c99\common\awmod.c estimated size: 174

ambient.c
		_Ambient_ReadSensor		CODE           	41BC	0000	90
		_AmbientCompensation		CODE           	2FDA	0000	222

ambient.c estimated size: 312

C:\Program Files\Microchip\xc8\v3.00\pic\sources\c99\common\sprcmul.c
		___flmul       		CODE           	1010	0000	1064

C:\Program Files\Microchip\xc8\v3.00\pic\sources\c99\common\sprcmul.c estimated size: 1064

C:\Program Files\Microchip\xc8\v3.00\pic\sources\c99\common\Umul32.c
		___lmul        		CODE           	3D1E	0000	106

C:\Program Files\Microchip\xc8\v3.00\pic\sources\c99\common\Umul32.c estimated size: 106

mcc_generated_files/system/src/pins.c
		_PIN_MANAGER_Initialize		CODE           	39C8	0000	134

mcc_generated_files/system/src/pins.c estimated size: 134

C:\Program Files\Microchip\xc8\v3.00\pic\sources\c99\common\__lldiv.c
		___lldiv       		CODE           	36BA	0000	164

C:\Program Files\Microchip\xc8\v3.00\pic\sources\c99\common\__lldiv.c estimated size: 164

C:\Program Files\Microchip\xc8\v3.00\pic\sources\c99\common\sprcdiv.c
		___fldiv       		CODE           	1438	0000	914

C:\Program Files\Microchip\xc8\v3.00\pic\sources\c99\common\sprcdiv.c estimated size: 914

shared
		_OLEDC_COLOR_SALMON		MEDIUMCONST    	FB41	0000	2
		_OLEDC_COLOR_THISTLE		MEDIUMCONST    	FB23	0000	2
		_OLEDC_COLOR_ALICEBLUE		MEDIUMCONST    	FC37	0000	2
		_OLEDC_COLOR_MAROON		MEDIUMCONST    	FB8B	0000	2
		_OLEDC_COLOR_LIGHTSLATEGRAY		MEDIUMCONST    	FB9B	0000	2
		_OLEDC_COLOR_LIGHTSLATEGREY		MEDIUMCONST    	FB99	0000	2
		_OLEDC_COLOR_LIGHTGREEN		MEDIUMCONST    	FBA7	0000	2
		_OLEDC_COLOR_TOMATO		MEDIUMCONST    	FB21	0000	2
		_OLEDC_COLOR_VIOLET		MEDIUMCONST    	FB1D	0000	2
		_OLEDC_COLOR_PALEVIOLETRED		MEDIUMCONST    	FB59	0000	2
		_OLEDC_COLOR_SILVER		MEDIUMCONST    	FB37	0000	2
		_OLEDC_COLOR_RED		MEDIUMCONST    	0000	0000	0
		_OLEDC_COLOR_DARKSEAGREEN		MEDIUMCONST    	FBF3	0000	2
		_OLEDC_COLOR_TAN		MEDIUMCONST    	FB27	0000	2
		_OLEDC_COLOR_DARKSALMON		MEDIUMCONST    	FBF5	0000	2
		_OLEDC_COLOR_MIDNIGHTBLUE		MEDIUMCONST    	FB77	0000	2
		_OLEDC_COLOR_SKYBLUE		MEDIUMCONST    	FB35	0000	2
		_OLEDC_COLOR_DARKORCHID		MEDIUMCONST    	FBF9	0000	2
		_OLEDC_COLOR_LIGHTSTEELBLUE		MEDIUMCONST    	FB97	0000	2
		_OLEDC_COLOR_SLATEBLUE		MEDIUMCONST    	FB33	0000	2
		_OLEDC_COLOR_STEELBLUE		MEDIUMCONST    	FB29	0000	2
		_OLEDC_COLOR_PALEGOLDENROD		MEDIUMCONST    	FB5F	0000	2
		_OLEDC_COLOR_ROYALBLUE		MEDIUMCONST    	FB45	0000	2
		_OLEDC_COLOR_DARKGOLDENROD		MEDIUMCONST    	FC09	0000	2
		_OLEDC_COLOR_CADETBLUE		MEDIUMCONST    	FC1D	0000	2
		_OLEDC_COLOR_BEIGE		MEDIUMCONST    	FC2D	0000	2
		_OLEDC_COLOR_SLATEGRAY		MEDIUMCONST    	FB31	0000	2
		_OLEDC_COLOR_OLIVEDRAB		MEDIUMCONST    	FB67	0000	2
		_OLEDC_COLOR_YELLOW		MEDIUMCONST    	0000	0000	0
		_OLEDC_COLOR_BLACK		MEDIUMCONST    	0000	0000	0
		_OLEDC_COLOR_MEDIUMVIOLETRED		MEDIUMCONST    	FB79	0000	2
		_OLEDC_COLOR_DARKOLIVEGREEN		MEDIUMCONST    	FBFD	0000	2
		_OLEDC_COLOR_LIGHTBLUE		MEDIUMCONST    	FBB1	0000	2
		_OLEDC_COLOR_HOTPINK		MEDIUMCONST    	FBC3	0000	2
		_OLEDC_COLOR_BURLYWOOD		MEDIUMCONST    	FC1F	0000	2
		_OLEDC_COLOR_KHAKI		MEDIUMCONST    	FBBB	0000	2
		_OLEDC_COLOR_SPRINGGREEN		MEDIUMCONST    	FB2B	0000	2
		_font          		MEDIUMCONST    	FC3C	0000	475
		_OLEDC_COLOR_CORAL		MEDIUMCONST    	FC17	0000	2
		_OLEDC_COLOR_DEEPSKYBLUE		MEDIUMCONST    	FBE5	0000	2
		_OLEDC_COLOR_WHITE		MEDIUMCONST    	0000	0000	0
		_OLEDC_COLOR_CORNFLOWERBLUE		MEDIUMCONST    	FC15	0000	2
		_OLEDC_COLOR_GREEN		MEDIUMCONST    	0000	0000	0
		_OLEDC_COLOR_OLIVE		MEDIUMCONST    	FB69	0000	2
		_OLEDC_COLOR_PALEGREEN		MEDIUMCONST    	FB5D	0000	2
		_OLEDC_COLOR_LINEN		MEDIUMCONST    	FB8F	0000	2
		_OLEDC_COLOR_LIMEGREEN		MEDIUMCONST    	FB91	0000	2
		_OLEDC_COLOR_AZURE		MEDIUMCONST    	FC2F	0000	2
		_OLEDC_COLOR_LIGHTGRAY		MEDIUMCONST    	FBA9	0000	2
		_OLEDC_COLOR_TURQUOISE		MEDIUMCONST    	FB1F	0000	2
		_OLEDC_COLOR_WHEAT		MEDIUMCONST    	FB1B	0000	2
		_OLEDC_COLOR_DARKGREEN		MEDIUMCONST    	FC05	0000	2
		_OLEDC_COLOR_HONEYDEW		MEDIUMCONST    	FBC5	0000	2
		_OLEDC_COLOR_ROSYBROWN		MEDIUMCONST    	FB47	0000	2
		_OLEDC_COLOR_LAWNGREEN		MEDIUMCONST    	FBB5	0000	2
		i2_I2C1_InterruptsEnable		CODE           	4D88	0000	20
		_OLEDC_COLOR_BROWN		MEDIUMCONST    	FC21	0000	2
		_OLEDC_COLOR_MEDIUMTURQUOISE		MEDIUMCONST    	FB7B	0000	2
		_OLEDC_COLOR_DARKBLUE		MEDIUMCONST    	FC0D	0000	2
		_OLEDC_COLOR_CRIMSON		MEDIUMCONST    	FC11	0000	2
		_OLEDC_COLOR_CHARTREUSE		MEDIUMCONST    	FC1B	0000	2
		_OLEDC_COLOR_MEDIUMSPRINGGREEN		MEDIUMCONST    	FB7D	0000	2
		_OLEDC_COLOR_GOLD		MEDIUMCONST    	FBD1	0000	2
		_OLEDC_COLOR_LIME		MEDIUMCONST    	FB93	0000	2
		_OLEDC_COLOR_AQUA		MEDIUMCONST    	FC33	0000	2
		_OLEDC_COLOR_DARKGRAY		MEDIUMCONST    	FC07	0000	2
		_OLEDC_COLOR_TEAL		MEDIUMCONST    	FB25	0000	2
		_OLEDC_COLOR_SEAGREEN		MEDIUMCONST    	FB3D	0000	2
		_OLEDC_COLOR_BLUE		MEDIUMCONST    	0000	0000	0
		_OLEDC_COLOR_CYAN		MEDIUMCONST    	FC0F	0000	2
		_OLEDC_COLOR_PINK		MEDIUMCONST    	FB51	0000	2
		_logo@display$F5352		MEDIUMCONST    	FE17	0000	92
		_OLEDC_COLOR_IVORY		MEDIUMCONST    	FBBD	0000	2
		__initialization		CODE           	4162	0000	84
		_I2C1_Host     		MEDIUMCONST    	FAF5	0000	20
		_SPI1_Host     		MEDIUMCONST    	FAD7	0000	30
		_OLEDC_COLOR_PLUM		MEDIUMCONST    	FB4F	0000	2
		_OLED_DIM_WIDTH		MEDIUMCONST    	FC3B	0000	1
		_OLEDC_COLOR_GRAY		MEDIUMCONST    	FBCD	0000	2
		_OLEDC_COLOR_FORESTGREEN		MEDIUMCONST    	FBD9	0000	2
		_OLEDC_COLOR_DARKORANGE		MEDIUMCONST    	FBFB	0000	2
		_OLED_FONT_WIDTH		MEDIUMCONST    	0000	0000	0
		_OLEDC_COLOR_SLATEGREY		MEDIUMCONST    	FB2F	0000	2
		_OLEDC_COLOR_MEDIUMSEAGREEN		MEDIUMCONST    	FB81	0000	2
		_OLEDC_COLOR_GREY		MEDIUMCONST    	FBC7	0000	2
		_OLEDC_COLOR_PERU		MEDIUMCONST    	FB53	0000	2
		_OLEDC_COLOR_LIGHTSALMON		MEDIUMCONST    	FBA1	0000	2
		_OLEDC_COLOR_SEASHELL		MEDIUMCONST    	FB3B	0000	2
		_logo@display$F4645		MEDIUMCONST    	0000	0000	0
		_OLEDC_COLOR_DIMGRAY		MEDIUMCONST    	FBE3	0000	2
		_OLEDC_COLOR_SNOW		MEDIUMCONST    	FB2D	0000	2
		_OLEDC_COLOR_LIGHTCORAL		MEDIUMCONST    	FBAF	0000	2
		_OLEDC_COLOR_NAVY		MEDIUMCONST    	FB6D	0000	2
		_OLEDC_COLOR_OLDLACE		MEDIUMCONST    	FB6B	0000	2
		_OLEDC_COLOR_YELLOWGREEN		MEDIUMCONST    	FB13	0000	2
		_OLEDC_COLOR_LIGHTSEAGREEN		MEDIUMCONST    	FB9F	0000	2
		_logo          		MEDIUMCONST    	FE73	0000	92
		_logo@display$F4946		MEDIUMCONST    	0000	0000	0
		_OLEDC_COLOR_PEACHPUFF		MEDIUMCONST    	FB55	0000	2
		_OLEDC_COLOR_DARKCYAN		MEDIUMCONST    	FC0B	0000	2
		_OLEDC_COLOR_LEMONCHIFFON		MEDIUMCONST    	FBB3	0000	2
		_OLEDC_COLOR_LIGHTCYAN		MEDIUMCONST    	FBAD	0000	2
		_OLEDC_COLOR_DARKGREY		MEDIUMCONST    	FC03	0000	2
		_OLEDC_COLOR_AQUAMARINE		MEDIUMCONST    	FC31	0000	2
		_OLEDC_COLOR_DARKKHAKI		MEDIUMCONST    	FC01	0000	2
		_OLEDC_COLOR_LIGHTGREY		MEDIUMCONST    	FBA5	0000	2
		_OLEDC_COLOR_DIMGREY		MEDIUMCONST    	FBE1	0000	2
		_OLEDC_COLOR_BLUEVIOLET		MEDIUMCONST    	FC23	0000	2
		_OLEDC_COLOR_DARKVIOLET		MEDIUMCONST    	FBE9	0000	2
		_OLEDC_COLOR_MISTYROSE		MEDIUMCONST    	FB73	0000	2
		_OLEDC_COLOR_MEDIUMPURPLE		MEDIUMCONST    	FB83	0000	2
		_OLEDC_COLOR_DODGERBLUE		MEDIUMCONST    	FBDF	0000	2
		_OLEDC_COLOR_PALETURQUOISE		MEDIUMCONST    	FB5B	0000	2
		_OLEDC_COLOR_MEDIUMSLATEBLUE		MEDIUMCONST    	FB7F	0000	2
		_OLEDC_COLOR_CORNSILK		MEDIUMCONST    	FC13	0000	2
		_OLEDC_COLOR_ORCHID		MEDIUMCONST    	FB61	0000	2
		_OLEDC_COLOR_FUCHSIA		MEDIUMCONST    	FBD7	0000	2
		_OLEDC_COLOR_DEEPPINK		MEDIUMCONST    	FBE7	0000	2
		_OLEDC_COLOR_FLORALWHITE		MEDIUMCONST    	FBDB	0000	2
		_OLEDC_COLOR_POWDERBLUE		MEDIUMCONST    	FB4D	0000	2
		_OLEDC_COLOR_SIENNA		MEDIUMCONST    	FB39	0000	2
		_OLEDC_COLOR_DARKMAGENTA		MEDIUMCONST    	FBFF	0000	2
		_OLEDC_COLOR_DARKTURQUOISE		MEDIUMCONST    	FBEB	0000	2
		_OLEDC_COLOR_ORANGE		MEDIUMCONST    	FB65	0000	2
		_OLEDC_COLOR_FIREBRICK		MEDIUMCONST    	FBDD	0000	2
		_OLEDC_COLOR_DARKSLATEGRAY		MEDIUMCONST    	FBEF	0000	2
		_OLEDC_COLOR_DARKSLATEGREY		MEDIUMCONST    	FBED	0000	2
		_OLED_DIM_HEIGHT		MEDIUMCONST    	0000	0000	0
		_OLEDC_COLOR_MEDIUMBLUE		MEDIUMCONST    	FB87	0000	2
		_OLEDC_COLOR_MOCCASIN		MEDIUMCONST    	FB71	0000	2
		_OLEDC_COLOR_LAVENDERBLUSH		MEDIUMCONST    	FBB7	0000	2
		_OLEDC_COLOR_DARKRED		MEDIUMCONST    	FBF7	0000	2
		_OLEDC_COLOR_MEDIUMAQUAMARINE		MEDIUMCONST    	FB89	0000	2
		_OLEDC_COLOR_SADDLEBROWN		MEDIUMCONST    	FB43	0000	2
		_OLEDC_COLOR_LAVENDER		MEDIUMCONST    	FBB9	0000	2
		_OLEDC_COLOR_LIGHTGOLDENRODYELLOW		MEDIUMCONST    	FBAB	0000	2
		_OLEDC_COLOR_PAPAYAWHIP		MEDIUMCONST    	FB57	0000	2
		_OLEDC_COLOR_NAVAJOWHITE		MEDIUMCONST    	FB6F	0000	2
		_OLEDC_COLOR_WHITESMOKE		MEDIUMCONST    	FB17	0000	2
		_OLEDC_COLOR_GREENYELLOW		MEDIUMCONST    	FBC9	0000	2
		_OLEDC_COLOR_CHOCOLATE		MEDIUMCONST    	FC19	0000	2
		_OLEDC_COLOR_MINTCREAM		MEDIUMCONST    	FB75	0000	2
		_OLEDC_COLOR_LIGHTPINK		MEDIUMCONST    	FBA3	0000	2
		_OLEDC_COLOR_GAINSBORO		MEDIUMCONST    	FBD5	0000	2
		_OLEDC_COLOR_PURPLE		MEDIUMCONST    	FB4B	0000	2
		_OLEDC_COLOR_BLANCHEDALMOND		MEDIUMCONST    	FC27	0000	2
		_OLEDC_COLOR_GHOSTWHITE		MEDIUMCONST    	FBD3	0000	2
		_OLEDC_COLOR_MAGENTA		MEDIUMCONST    	FB8D	0000	2
		_OLEDC_COLOR_LIGHTYELLOW		MEDIUMCONST    	FB95	0000	2
		_OLEDC_COLOR_GOLDENROD		MEDIUMCONST    	FBCF	0000	2
		_OLEDC_COLOR_ORANGERED		MEDIUMCONST    	FB63	0000	2
		_OLEDC_COLOR_DARKSLATEBLUE		MEDIUMCONST    	FBF1	0000	2
		_OLEDC_COLOR_INDIGO		MEDIUMCONST    	FBBF	0000	2
		_spi1_configuration		MEDIUMCONST    	FB09	0000	10
		_OLEDC_COLOR_BISQUE		MEDIUMCONST    	FC2B	0000	2
		_OLEDC_COLOR_ANTIQUEWHITE		MEDIUMCONST    	FC35	0000	2
		_OLEDC_COLOR_SANDYBROWN		MEDIUMCONST    	FB3F	0000	2
		_OLED_FONT_HEIGHT		MEDIUMCONST    	0000	0000	0
		_OLEDC_COLOR_MEDIUMORCHID		MEDIUMCONST    	FB85	0000	2
		_OLEDC_COLOR_INDIANRED		MEDIUMCONST    	FBC1	0000	2
		_OLEDC_COLOR_LIGHTSKYBLUE		MEDIUMCONST    	FB9D	0000	2

shared estimated size: 1106

C:\Program Files\Microchip\xc8\v3.00\pic\sources\c99\common\xxtofl.c
		___xxtofl      		CODE           	23BE	0000	436

C:\Program Files\Microchip\xc8\v3.00\pic\sources\c99\common\xxtofl.c estimated size: 436

display.c
		_display_clearScreen		CODE           	4552	0000	74
		_display_Print_Splash		CODE           	4A80	0000	50
		_display_Splash		CODE           	2EEE	0000	236
		_display_PrintWeatherString		CODE           	3190	0000	208
		_display_Print_Weather		CODE           	4808	0000	64
		_display_PrintLabels		CODE           	2DF6	0000	248
		_display_setBackground		CODE           	4DAC	0000	14
		_display_eraseValues		CODE           	4900	0000	58

display.c estimated size: 952

mcc_generated_files/system/src/clock.c
		_CLOCK_Initialize		CODE           	4D60	0000	20

mcc_generated_files/system/src/clock.c estimated size: 20

C:\Program Files\Microchip\xc8\v3.00\pic\sources\c99\common\lwdiv.c
		___lwdiv       		CODE           	3BD0	0000	116

C:\Program Files\Microchip\xc8\v3.00\pic\sources\c99\common\lwdiv.c estimated size: 116

C:\Program Files\Microchip\xc8\v3.00\pic\sources\c99\common\awdiv.c
		___awdiv       		CODE           	33F4	0000	194

C:\Program Files\Microchip\xc8\v3.00\pic\sources\c99\common\awdiv.c estimated size: 194

C:\Program Files\Microchip\xc8\v3.00\pic\sources\c99\common\fltol.c
		___fltol       		CODE           	2AC2	0000	282

C:\Program Files\Microchip\xc8\v3.00\pic\sources\c99\common\fltol.c estimated size: 282

application.c
		_WeatherStation_initialize		CODE           	4216	0000	88
		_WeatherClick_readSensors		CODE           	4DC6	0000	10
		_WeatherStation_Print		CODE           	26E2	0000	344

application.c estimated size: 442

main.c
		_main          		CODE           	462C	0000	70
		_setTick       		CODE           	4E10	0000	8

main.c estimated size: 78

mcc_generated_files/fvr/src/fvr.c
		_FVR_Initialize		CODE           	4E08	0000	8

mcc_generated_files/fvr/src/fvr.c estimated size: 8

C:\Program Files\Microchip\xc8\v3.00\pic\sources\c99\common\doprnt.c
		_vfpfcnvrt     		CODE           	17CA	0000	900
		_vfprintf      		CODE           	441E	0000	80

C:\Program Files\Microchip\xc8\v3.00\pic\sources\c99\common\doprnt.c estimated size: 980

C:\Program Files\Microchip\xc8\v3.00\pic\sources\c99\common\sprcadd.c
		___fladd       		CODE           	0708	0000	1208

C:\Program Files\Microchip\xc8\v3.00\pic\sources\c99\common\sprcadd.c estimated size: 1208

mcc_generated_files/system/src/system.c
		_SYSTEM_Initialize		CODE           	4C30	0000	38

mcc_generated_files/system/src/system.c estimated size: 38

mcc_generated_files/spi/src/spi1.c
		_SPI1_BufferExchange		CODE           	4106	0000	92
		_SPI1_ByteWrite		CODE           	4CE0	0000	22
		_SPI1_Open     		CODE           	332A	0000	202
		_SPI1_BufferWrite		CODE           	43CC	0000	82
		_SPI1_Initialize		CODE           	4BBC	0000	40

mcc_generated_files/spi/src/spi1.c estimated size: 438

